// Jest Snapshot v1, https://goo.gl/fbAQLP

exports[`GroupRender 1`] = `
<DocumentFragment>
  <div>
    <div
      class="ReactModal__Overlay"
      style="position: fixed; top: 0px; left: 0px; right: 0px; bottom: 0px; background-color: rgba(255, 255, 255, 0.75);"
    >
      <div
        aria-modal="true"
        class="ReactModal__Content"
        role="dialog"
        style="position: absolute; top: 30%; left: 50%; border: 1px solid #ccc; background: rgb(255, 255, 255); overflow: auto; border-radius: 3em; outline: none; padding: 60px; margin-right: -50%; transform: translate(-50%, -50%);"
        tabindex="-1"
      >
        <div
          class="sc-iqHYmW bNDSqr"
        >
          <div>
            ユーザー設定をしてください
          </div>
        </div>
        <div
          class="sc-kEjbQP isiMuD"
        >
          名前:
        </div>
        <input
          class="sc-fubCzh EmWoJ"
          maxlength="28"
          type="text"
        />
        <div
          class="sc-kEjbQP isiMuD"
        >
          アイコンURL:
        </div>
        <div
          class="sc-jrAFXE hkQgfD"
        >
          *自動で中央に収縮されます
        </div>
        <input
          class="sc-fubCzh EmWoJ"
          type="text"
        />
        <div
          class="sc-iqHYmW bNDSqr"
        >
          <img
            alt=""
            class="sc-crrszt UrwNW"
            src=""
          />
        </div>
        <div
          class="sc-iqHYmW bNDSqr"
        >
          <button
            class="sc-pGacB igiCOO"
            disabled=""
          >
            決定
          </button>
        </div>
      </div>
    </div>
    <div
      class="sc-fFucqa jLwXMd"
    >
      <div
        class="sc-hBEYId hmPGlZ"
      >
        NotFound
      </div>
      <button
        class="sc-fodVek bgTDep"
      >
        リンクをコピー
      </button>
    </div>
    <div
      class="sc-bkzYnD forchc"
    >
      <div />
    </div>
  </div>
</DocumentFragment>
`;
